<!DOCTYPE html>
<html>
  <head>
    <meta charset="utf-8">
    <title>Hello world</title>
  </head>
  <body class="b-page">
    <div class="b-block b-block_size_large">
      <div class="b-block__elem">
        <div class="b-block__elem-name b-mix__elem">Hello world</div>
      </div>
    </div>
  </body>
</html>
